// Jest Snapshot v1, https://goo.gl/fbAQLP

exports[`Dumb renders component 1`] = `<csx__DumbWrapper />`;
